// Vitest Snapshot v1, https://vitest.dev/guide/snapshot.html

exports[`Counter > should match the snapshot 1`] = `
<DocumentFragment>
  <div
    class="flex border border-black w-fit p-4 gap-2"
    data-testid="counter"
  >
    <div
      class="flex items-center"
    >
      0
    </div>
    <button
      class="border border-black px-2"
      type="button"
    >
      Count
    </button>
  </div>
</DocumentFragment>
`;
