// Vitest Snapshot v1

exports[`Counter > should match the snapshot 1`] = `
<DocumentFragment>
  <div
    class="counter"
    data-testid="counter"
  >
    <div
      class="count"
      data-testid="count"
    >
      0
    </div>
    <button
      class="button"
      data-testid="increment"
    >
      Count
    </button>
  </div>
</DocumentFragment>
`;
