// Vitest Snapshot v1

exports[`TemperatureConverter > should match the snapshot 1`] = `
<DocumentFragment>
  <div
    class="temperatureConverter"
    data-testid="temperatureConverter"
  >
    <input
      class="temperature"
      data-testid="celsius"
      name="celsius"
      type="number"
      value="0"
    />
    <span>
      Celsius =
    </span>
    <input
      class="temperature"
      data-testid="fahrenheit"
      name="fahrenheit"
      type="number"
      value="32"
    />
    <span>
      Fahrenheit
    </span>
  </div>
</DocumentFragment>
`;
