// Vitest Snapshot v1, https://vitest.dev/guide/snapshot.html

exports[`TemperatureConverter > should match the snapshot 1`] = `
<DocumentFragment>
  <div
    class="flex gap-4 p-4 border border-black w-fit"
    data-testid="temperatureConverter"
  >
    <input
      class="border border-black w-full max-w-[3rem]"
      id="celsius"
      name="celsius"
      type="number"
      value="0"
    />
    <label
      for="celsius"
    >
      Celsius =
    </label>
    <input
      class="border border-black w-full max-w-[3rem]"
      id="fahrenheit"
      name="fahrenheit"
      type="number"
      value="32"
    />
    <label
      for="fahrenheit"
    >
      Fahrenheit
    </label>
  </div>
</DocumentFragment>
`;
