// Vitest Snapshot v1, https://vitest.dev/guide/snapshot.html

exports[`TemperatureConverter > should match the snapshot 1`] = `
<DocumentFragment>
  <div
    class="temperatureConverter"
    data-testid="temperatureConverter"
  >
    <input
      class="temperature"
      id="celsius"
      name="celsius"
      type="number"
      value="0"
    />
    <label
      for="celsius"
    >
      Celsius =
    </label>
    <input
      class="temperature"
      id="fahrenheit"
      name="fahrenheit"
      type="number"
      value="32"
    />
    <label
      for="fahrenheit"
    >
      Fahrenheit
    </label>
  </div>
</DocumentFragment>
`;
